Status

STATUS
Succeeded

Taskruns

 NAME   TASK NAME   STATUS
 tr-1   t-1         Succeeded
