Status

STATUS
Succeeded

Steps

 NAME     STATUS
 step-1   Completed
 step-2   Completed
